{"level":"warn","message":"User not found for ID: undefined","timestamp":"2025-04-19T18:22:07.980Z"}
{"level":"warn","message":"User not found for ID: undefined","timestamp":"2025-04-19T19:40:25.992Z"}
{"level":"warn","message":"User not found for ID: undefined","timestamp":"2025-04-19T19:47:50.318Z"}
{"level":"warn","message":"User not found for ID: undefined","timestamp":"2025-04-19T19:48:48.645Z"}
{"level":"warn","message":"User not found for ID: undefined","timestamp":"2025-04-19T19:51:01.798Z"}
{"level":"info","message":"Authenticated user: 3","timestamp":"2025-04-19T19:54:27.799Z"}
{"level":"info","message":"Authenticated user: 3","timestamp":"2025-04-19T19:54:54.168Z"}
{"level":"info","message":"Authenticated user: 3","timestamp":"2025-04-19T20:06:19.530Z"}
{"level":"info","message":"Authenticated user: 3","timestamp":"2025-04-19T20:06:23.238Z"}
{"level":"info","message":"Authenticated user: 3","timestamp":"2025-04-19T20:18:57.918Z"}
{"level":"info","message":"Authenticated user: 3","timestamp":"2025-04-19T20:41:53.447Z"}
{"level":"info","message":"Authenticated user: 3","timestamp":"2025-04-19T20:45:53.891Z"}
{"level":"info","message":"Authenticated user: 3","timestamp":"2025-04-19T20:45:55.226Z"}
{"level":"info","message":"Authenticated user: 3","timestamp":"2025-04-19T20:45:55.795Z"}
{"level":"info","message":"Authenticated user: 3","timestamp":"2025-04-19T20:46:59.931Z"}
{"level":"info","message":"Authenticated user: 3","timestamp":"2025-04-19T20:47:01.528Z"}
{"level":"info","message":"Authenticated user: 3","timestamp":"2025-04-19T20:47:02.303Z"}
{"level":"info","message":"Authenticated user: 3","timestamp":"2025-04-19T20:47:32.374Z"}
{"level":"info","message":"Authenticated user: 3","timestamp":"2025-04-19T20:49:59.126Z"}
{"level":"info","message":"Authenticated user: 3","timestamp":"2025-04-19T20:50:50.375Z"}
{"level":"info","message":"Authenticated user: 3","timestamp":"2025-04-19T20:53:12.779Z"}
{"level":"info","message":"Authenticated user: 3","timestamp":"2025-04-19T20:58:44.699Z"}
{"level":"info","message":"Authenticated user: 3","timestamp":"2025-04-20T13:33:04.151Z"}
{"level":"info","message":"Authenticated user: 3","timestamp":"2025-04-20T13:34:24.517Z"}
{"level":"info","message":"Authenticated user: 3","timestamp":"2025-04-24T23:24:12.715Z"}
{"level":"info","message":"Authenticated user: 3","timestamp":"2025-04-24T23:24:12.858Z"}
{"level":"info","message":"Authenticated user: 3","timestamp":"2025-04-24T23:24:17.206Z"}
{"level":"info","message":"Authenticated user: 3","timestamp":"2025-04-24T23:24:17.307Z"}
{"level":"info","message":"Authenticated user: 3","timestamp":"2025-04-24T23:24:17.468Z"}
{"level":"info","message":"Authenticated user: 3","timestamp":"2025-04-24T23:24:22.616Z"}
{"level":"info","message":"Authenticated user: 3","timestamp":"2025-04-24T23:24:23.654Z"}
{"level":"info","message":"Authenticated user: 3","timestamp":"2025-04-24T23:24:23.704Z"}
{"level":"info","message":"Authenticated user: 3","timestamp":"2025-04-24T23:25:53.630Z"}
{"level":"info","message":"Authenticated user: 3","timestamp":"2025-04-24T23:25:53.686Z"}
{"level":"info","message":"Authenticated user: 3","timestamp":"2025-04-24T23:25:53.819Z"}
{"level":"info","message":"Authenticated user: 2","timestamp":"2025-04-24T23:26:35.472Z"}
{"level":"info","message":"Authenticated user: 2","timestamp":"2025-04-24T23:26:37.013Z"}
{"level":"info","message":"Authenticated user: 2","timestamp":"2025-04-24T23:26:40.729Z"}
{"level":"info","message":"Authenticated user: 2","timestamp":"2025-04-24T23:28:45.373Z"}
{"level":"info","message":"Authenticated user: 2","timestamp":"2025-04-24T23:28:45.378Z"}
{"level":"info","message":"Authenticated user: 3","timestamp":"2025-04-24T23:29:01.257Z"}
{"level":"info","message":"Authenticated user: 3","timestamp":"2025-04-24T23:29:01.338Z"}
{"level":"info","message":"Authenticated user: 3","timestamp":"2025-04-24T23:29:09.279Z"}
{"level":"info","message":"Authenticated user: 3","timestamp":"2025-04-24T23:29:10.380Z"}
{"level":"info","message":"Authenticated user: 3","timestamp":"2025-04-24T23:29:10.433Z"}
{"level":"info","message":"Authenticated user: 2","timestamp":"2025-04-24T23:49:48.999Z"}
{"level":"info","message":"Authenticated user: 2","timestamp":"2025-04-24T23:49:50.624Z"}
{"level":"info","message":"Authenticated user: 3","timestamp":"2025-04-25T00:10:30.242Z"}
{"level":"info","message":"Authenticated user: 3","timestamp":"2025-04-25T00:10:30.377Z"}
{"level":"info","message":"Authenticated user: 3","timestamp":"2025-04-25T02:03:40.646Z"}
{"level":"info","message":"Authenticated user: 3","timestamp":"2025-04-25T02:03:40.827Z"}
{"level":"info","message":"Authenticated user: 2","timestamp":"2025-04-25T02:23:27.066Z"}
{"level":"info","message":"Authenticated user: 2","timestamp":"2025-04-25T02:23:27.072Z"}
{"level":"info","message":"Authenticated user: 2","timestamp":"2025-04-25T02:23:49.992Z"}
{"level":"info","message":"Authenticated user: 2","timestamp":"2025-04-25T02:23:51.639Z"}
{"level":"info","message":"Authenticated user: 2","timestamp":"2025-04-25T02:24:01.998Z"}
{"level":"info","message":"Authenticated user: 3","timestamp":"2025-04-25T04:35:52.888Z"}
{"level":"info","message":"Authenticated user: 3","timestamp":"2025-04-25T04:35:52.981Z"}
{"level":"info","message":"Authenticated user: 3","timestamp":"2025-04-25T04:35:56.526Z"}
{"level":"info","message":"Authenticated user: 3","timestamp":"2025-04-25T04:35:56.601Z"}
{"level":"info","message":"Authenticated user: 3","timestamp":"2025-04-25T04:35:57.560Z"}
{"level":"info","message":"Authenticated user: 3","timestamp":"2025-04-25T04:35:57.605Z"}
{"level":"info","message":"Authenticated user: 3","timestamp":"2025-04-25T04:35:58.767Z"}
{"level":"info","message":"Authenticated user: 3","timestamp":"2025-04-25T12:44:05.298Z"}
{"level":"info","message":"Authenticated user: 3","timestamp":"2025-04-25T12:44:05.431Z"}
{"level":"info","message":"Authenticated user: 3","timestamp":"2025-04-25T12:44:11.154Z"}
{"level":"info","message":"Authenticated user: 3","timestamp":"2025-04-25T12:44:18.030Z"}
{"level":"info","message":"Authenticated user: 3","timestamp":"2025-04-25T12:44:18.059Z"}
{"level":"info","message":"Authenticated user: 3","timestamp":"2025-04-25T12:44:18.105Z"}
{"level":"info","message":"Authenticated user: 3","timestamp":"2025-04-25T12:44:20.333Z"}
{"level":"info","message":"Authenticated user: 3","timestamp":"2025-04-25T12:44:20.367Z"}
{"level":"info","message":"Authenticated user: 3","timestamp":"2025-04-25T12:44:20.439Z"}
{"level":"info","message":"Authenticated user: 3","timestamp":"2025-04-25T12:44:23.426Z"}
{"level":"info","message":"Authenticated user: 3","timestamp":"2025-04-25T12:44:24.448Z"}
{"level":"info","message":"Authenticated user: 3","timestamp":"2025-04-25T12:44:24.490Z"}
{"level":"info","message":"Authenticated user: 3","timestamp":"2025-04-25T12:44:27.664Z"}
{"level":"info","message":"Authenticated user: 3","timestamp":"2025-04-25T12:44:27.733Z"}
{"level":"info","message":"Authenticated user: 3","timestamp":"2025-04-25T12:44:28.693Z"}
{"level":"info","message":"Authenticated user: 3","timestamp":"2025-04-25T12:44:28.747Z"}
{"level":"info","message":"Authenticated user: 3","timestamp":"2025-04-25T12:44:30.041Z"}
{"level":"info","message":"Authenticated user: 3","timestamp":"2025-04-25T14:30:33.422Z"}
{"level":"info","message":"Authenticated user: 3","timestamp":"2025-04-25T14:30:33.672Z"}
{"level":"info","message":"Authenticated user: 3","timestamp":"2025-04-25T18:30:26.104Z"}
{"level":"info","message":"Authenticated user: 3","timestamp":"2025-04-25T18:30:26.255Z"}
{"level":"info","message":"Authenticated user: 2","timestamp":"2025-04-25T18:57:52.437Z"}
{"level":"info","message":"Authenticated user: 2","timestamp":"2025-04-25T18:57:54.167Z"}
{"level":"info","message":"Authenticated user: 2","timestamp":"2025-04-25T18:58:14.435Z"}
{"level":"info","message":"Authenticated user: 2","timestamp":"2025-04-25T18:58:16.711Z"}
{"level":"info","message":"Authenticated user: 2","timestamp":"2025-04-25T18:58:19.169Z"}
{"level":"info","message":"Authenticated user: 2","timestamp":"2025-04-25T18:58:43.191Z"}
{"level":"info","message":"Authenticated user: 2","timestamp":"2025-04-25T18:58:43.193Z"}
{"level":"info","message":"Authenticated user: 3","timestamp":"2025-04-25T21:32:56.572Z"}
{"level":"info","message":"Authenticated user: 3","timestamp":"2025-04-25T21:32:59.533Z"}
{"level":"info","message":"Authenticated user: 3","timestamp":"2025-04-25T21:32:59.559Z"}
{"level":"info","message":"Authenticated user: 3","timestamp":"2025-04-25T21:32:59.634Z"}
{"level":"info","message":"Authenticated user: 3","timestamp":"2025-04-25T21:33:10.410Z"}
{"level":"info","message":"Authenticated user: 3","timestamp":"2025-04-25T21:33:11.455Z"}
{"level":"info","message":"Authenticated user: 3","timestamp":"2025-04-25T21:33:11.513Z"}
{"level":"info","message":"Authenticated user: 3","timestamp":"2025-04-26T00:28:37.142Z"}
{"level":"info","message":"Authenticated user: 3","timestamp":"2025-04-26T00:28:37.437Z"}
{"level":"info","message":"Authenticated user: 3","timestamp":"2025-04-26T00:35:38.595Z"}
{"level":"info","message":"Authenticated user: 3","timestamp":"2025-04-26T00:35:39.132Z"}
{"level":"info","message":"Authenticated user: 3","timestamp":"2025-04-26T00:36:09.676Z"}
{"level":"info","message":"Authenticated user: 3","timestamp":"2025-04-26T00:36:09.677Z"}
{"level":"info","message":"Authenticated user: 3","timestamp":"2025-04-26T00:36:09.768Z"}
{"level":"info","message":"Authenticated user: 3","timestamp":"2025-04-26T00:36:09.769Z"}
{"level":"info","message":"Authenticated user: 3","timestamp":"2025-04-26T00:36:37.450Z"}
{"level":"info","message":"Authenticated user: 3","timestamp":"2025-04-26T00:36:37.450Z"}
{"level":"info","message":"Authenticated user: 3","timestamp":"2025-04-26T00:36:37.591Z"}
{"level":"info","message":"Authenticated user: 3","timestamp":"2025-04-26T00:39:31.336Z"}
{"level":"info","message":"Authenticated user: 3","timestamp":"2025-04-26T00:39:31.343Z"}
{"level":"info","message":"Authenticated user: 3","timestamp":"2025-04-26T00:39:31.413Z"}
{"level":"info","message":"Authenticated user: 3","timestamp":"2025-04-26T00:39:31.414Z"}
{"level":"info","message":"Authenticated user: 2","timestamp":"2025-04-26T00:44:05.976Z"}
{"level":"info","message":"Authenticated user: 3","timestamp":"2025-04-26T00:44:45.421Z"}
{"level":"info","message":"Authenticated user: 3","timestamp":"2025-04-26T00:44:45.586Z"}
{"level":"info","message":"Authenticated user: 2","timestamp":"2025-04-26T00:48:58.416Z"}
{"level":"info","message":"Authenticated user: 2","timestamp":"2025-04-26T00:48:58.427Z"}
{"level":"info","message":"Authenticated user: 2","timestamp":"2025-04-26T01:12:49.855Z"}
{"level":"info","message":"Authenticated user: 2","timestamp":"2025-04-26T01:56:08.565Z"}
{"level":"info","message":"Authenticated user: 2","timestamp":"2025-04-26T03:18:18.682Z"}
{"level":"info","message":"Authenticated user: 2","timestamp":"2025-04-26T03:22:34.135Z"}
{"level":"info","message":"Authenticated user: 2","timestamp":"2025-04-26T03:22:40.001Z"}
{"level":"info","message":"Authenticated user: 2","timestamp":"2025-04-26T03:22:40.007Z"}
{"level":"info","message":"Authenticated user: 2","timestamp":"2025-04-26T12:51:23.460Z"}
{"level":"info","message":"Authenticated user: 2","timestamp":"2025-04-26T12:51:27.355Z"}
{"level":"info","message":"Authenticated user: 2","timestamp":"2025-04-26T12:51:29.467Z"}
{"level":"info","message":"Authenticated user: 2","timestamp":"2025-04-26T12:53:01.638Z"}
{"level":"info","message":"Authenticated user: 2","timestamp":"2025-04-26T12:53:01.645Z"}
{"level":"info","message":"Authenticated user: 2","timestamp":"2025-04-26T13:05:04.036Z"}
{"level":"info","message":"Authenticated user: 2","timestamp":"2025-04-26T13:05:04.039Z"}
{"level":"info","message":"Authenticated user: 2","timestamp":"2025-04-26T13:05:05.203Z"}
{"level":"info","message":"Authenticated user: 2","timestamp":"2025-04-26T13:05:05.205Z"}
{"level":"info","message":"Authenticated user: 2","timestamp":"2025-04-26T13:31:29.831Z"}
{"level":"info","message":"Authenticated user: 3","timestamp":"2025-04-26T15:16:24.723Z"}
{"level":"info","message":"Authenticated user: 3","timestamp":"2025-04-26T15:16:27.673Z"}
{"level":"info","message":"Authenticated user: 3","timestamp":"2025-04-26T15:16:27.677Z"}
{"level":"info","message":"Authenticated user: 3","timestamp":"2025-04-26T15:16:53.652Z"}
{"level":"info","message":"Authenticated user: 3","timestamp":"2025-04-26T15:16:53.653Z"}
{"level":"info","message":"Authenticated user: 3","timestamp":"2025-04-26T15:18:50.992Z"}
{"level":"info","message":"Authenticated user: 3","timestamp":"2025-04-26T15:18:51.031Z"}
{"level":"info","message":"Authenticated user: 3","timestamp":"2025-04-26T15:19:05.407Z"}
{"level":"info","message":"Authenticated user: 3","timestamp":"2025-04-26T15:19:05.407Z"}
{"level":"info","message":"Authenticated user: 3","timestamp":"2025-04-26T15:19:34.868Z"}
{"level":"info","message":"Authenticated user: 3","timestamp":"2025-04-26T15:19:34.885Z"}
{"level":"info","message":"Authenticated user: 3","timestamp":"2025-04-26T15:21:01.952Z"}
{"level":"info","message":"Authenticated user: 3","timestamp":"2025-04-26T15:21:18.430Z"}
{"level":"info","message":"Authenticated user: 3","timestamp":"2025-04-26T15:21:18.515Z"}
{"level":"info","message":"Authenticated user: 3","timestamp":"2025-04-26T15:21:21.253Z"}
{"level":"info","message":"Authenticated user: 3","timestamp":"2025-04-26T15:21:21.254Z"}
{"level":"info","message":"Authenticated user: 3","timestamp":"2025-04-26T15:23:30.570Z"}
{"level":"info","message":"Authenticated user: 3","timestamp":"2025-04-26T15:23:30.576Z"}
{"level":"info","message":"Authenticated user: 3","timestamp":"2025-04-26T15:23:30.929Z"}
{"level":"info","message":"Authenticated user: 3","timestamp":"2025-04-26T15:23:37.390Z"}
{"level":"info","message":"Authenticated user: 3","timestamp":"2025-04-26T15:23:37.435Z"}
{"level":"info","message":"Authenticated user: 3","timestamp":"2025-04-26T15:23:45.278Z"}
{"level":"info","message":"Authenticated user: 3","timestamp":"2025-04-26T15:23:45.325Z"}
{"level":"info","message":"Authenticated user: 3","timestamp":"2025-04-26T15:24:06.154Z"}
{"level":"info","message":"Authenticated user: 3","timestamp":"2025-04-26T15:24:06.160Z"}
{"level":"info","message":"Authenticated user: 3","timestamp":"2025-04-26T15:24:06.225Z"}
{"level":"info","message":"Authenticated user: 3","timestamp":"2025-04-26T15:24:21.785Z"}
{"level":"info","message":"Authenticated user: 3","timestamp":"2025-04-26T15:24:21.848Z"}
{"level":"info","message":"Authenticated user: 3","timestamp":"2025-04-26T15:28:05.515Z"}
{"level":"info","message":"Authenticated user: 3","timestamp":"2025-04-26T15:28:05.554Z"}
{"level":"info","message":"Authenticated user: 3","timestamp":"2025-04-26T15:28:24.609Z"}
{"level":"info","message":"Authenticated user: 3","timestamp":"2025-04-26T15:28:24.651Z"}
{"level":"info","message":"Authenticated user: 3","timestamp":"2025-04-26T15:28:42.270Z"}
{"level":"info","message":"Authenticated user: 3","timestamp":"2025-04-26T15:28:42.289Z"}
{"level":"info","message":"Authenticated user: 3","timestamp":"2025-04-26T15:28:42.404Z"}
{"level":"info","message":"Authenticated user: 3","timestamp":"2025-04-26T15:28:54.676Z"}
{"level":"info","message":"Authenticated user: 3","timestamp":"2025-04-26T15:28:54.721Z"}
{"level":"info","message":"Authenticated user: 3","timestamp":"2025-04-26T15:33:33.008Z"}
{"level":"info","message":"Authenticated user: 3","timestamp":"2025-04-26T15:33:33.093Z"}
{"level":"info","message":"Authenticated user: 3","timestamp":"2025-04-26T15:33:36.123Z"}
{"level":"info","message":"Authenticated user: 3","timestamp":"2025-04-26T15:33:36.183Z"}
{"level":"info","message":"Authenticated user: 3","timestamp":"2025-04-26T15:34:10.600Z"}
{"level":"info","message":"Authenticated user: 3","timestamp":"2025-04-26T15:34:11.070Z"}
{"level":"info","message":"Authenticated user: 3","timestamp":"2025-04-26T15:34:14.687Z"}
{"level":"info","message":"Authenticated user: 3","timestamp":"2025-04-26T15:34:14.745Z"}
{"level":"info","message":"Authenticated user: 2","timestamp":"2025-04-26T15:35:01.982Z"}
{"level":"info","message":"Authenticated user: 2","timestamp":"2025-04-26T15:35:01.984Z"}
{"level":"info","message":"Authenticated user: 2","timestamp":"2025-04-26T15:35:06.743Z"}
{"level":"info","message":"Authenticated user: 2","timestamp":"2025-04-26T15:35:06.746Z"}
{"level":"info","message":"Authenticated user: 2","timestamp":"2025-04-26T15:35:09.899Z"}
{"level":"info","message":"Authenticated user: 2","timestamp":"2025-04-26T15:35:09.903Z"}
{"level":"info","message":"Authenticated user: 2","timestamp":"2025-04-26T15:35:14.120Z"}
{"level":"info","message":"Authenticated user: 2","timestamp":"2025-04-26T15:35:14.123Z"}
{"level":"info","message":"Authenticated user: 2","timestamp":"2025-04-26T15:35:17.908Z"}
{"level":"info","message":"Authenticated user: 2","timestamp":"2025-04-26T15:35:17.910Z"}
{"level":"info","message":"Authenticated user: 2","timestamp":"2025-04-26T15:35:30.836Z"}
{"level":"info","message":"Authenticated user: 2","timestamp":"2025-04-26T15:35:30.838Z"}
{"level":"info","message":"Authenticated user: 2","timestamp":"2025-04-26T15:35:34.589Z"}
{"level":"info","message":"Authenticated user: 2","timestamp":"2025-04-26T15:35:34.593Z"}
{"level":"info","message":"Authenticated user: 2","timestamp":"2025-04-26T15:35:34.597Z"}
{"level":"info","message":"Authenticated user: 2","timestamp":"2025-04-26T15:35:34.599Z"}
{"level":"info","message":"Authenticated user: 2","timestamp":"2025-04-26T15:35:42.906Z"}
{"level":"info","message":"Authenticated user: 3","timestamp":"2025-04-26T15:36:05.813Z"}
{"level":"info","message":"Authenticated user: 3","timestamp":"2025-04-26T15:36:05.887Z"}
{"level":"info","message":"Authenticated user: 3","timestamp":"2025-04-26T15:36:08.215Z"}
{"level":"info","message":"Authenticated user: 2","timestamp":"2025-04-26T15:36:24.282Z"}
{"level":"info","message":"Authenticated user: 2","timestamp":"2025-04-26T15:36:24.313Z"}
{"level":"info","message":"Authenticated user: 2","timestamp":"2025-04-26T15:36:26.029Z"}
{"level":"info","message":"Authenticated user: 2","timestamp":"2025-04-26T15:36:26.035Z"}
{"level":"info","message":"Authenticated user: 2","timestamp":"2025-04-26T15:36:26.039Z"}
{"level":"info","message":"Authenticated user: 2","timestamp":"2025-04-26T15:36:26.043Z"}
{"level":"info","message":"Authenticated user: 2","timestamp":"2025-04-26T15:38:40.472Z"}
{"level":"info","message":"Authenticated user: 2","timestamp":"2025-04-26T15:38:40.483Z"}
{"level":"info","message":"Authenticated user: 2","timestamp":"2025-04-26T15:38:40.490Z"}
{"level":"info","message":"Authenticated user: 2","timestamp":"2025-04-26T15:38:40.492Z"}
{"level":"info","message":"Authenticated user: 2","timestamp":"2025-04-26T15:40:11.362Z"}
{"level":"info","message":"Authenticated user: 2","timestamp":"2025-04-26T15:40:11.370Z"}
{"level":"info","message":"Authenticated user: 2","timestamp":"2025-04-26T15:40:24.816Z"}
{"level":"info","message":"Authenticated user: 2","timestamp":"2025-04-26T15:40:24.833Z"}
{"level":"info","message":"Authenticated user: 2","timestamp":"2025-04-26T15:42:00.703Z"}
{"level":"info","message":"Authenticated user: 2","timestamp":"2025-04-26T15:42:00.729Z"}
{"level":"info","message":"Authenticated user: 2","timestamp":"2025-04-26T15:42:22.326Z"}
{"level":"info","message":"Authenticated user: 2","timestamp":"2025-04-26T15:42:22.330Z"}
{"level":"info","message":"Authenticated user: 2","timestamp":"2025-04-26T15:43:48.123Z"}
{"level":"info","message":"Authenticated user: 2","timestamp":"2025-04-26T15:43:48.127Z"}
{"level":"info","message":"Authenticated user: 2","timestamp":"2025-04-26T15:44:08.670Z"}
{"level":"info","message":"Authenticated user: 2","timestamp":"2025-04-26T15:44:08.682Z"}
{"level":"info","message":"Authenticated user: 2","timestamp":"2025-04-26T15:44:17.003Z"}
{"level":"info","message":"Authenticated user: 2","timestamp":"2025-04-26T15:44:17.005Z"}
{"level":"info","message":"Authenticated user: 2","timestamp":"2025-04-26T15:44:18.518Z"}
{"level":"info","message":"Authenticated user: 2","timestamp":"2025-04-26T15:44:18.525Z"}
{"level":"info","message":"Authenticated user: 2","timestamp":"2025-04-26T15:44:18.527Z"}
{"level":"info","message":"Authenticated user: 2","timestamp":"2025-04-26T15:44:18.532Z"}
{"level":"info","message":"Authenticated user: 2","timestamp":"2025-04-26T15:44:19.002Z"}
{"level":"info","message":"Authenticated user: 2","timestamp":"2025-04-26T15:44:19.004Z"}
{"level":"info","message":"Authenticated user: 3","timestamp":"2025-04-26T18:56:25.345Z"}
{"level":"info","message":"Authenticated user: 3","timestamp":"2025-04-26T18:56:25.417Z"}
{"level":"info","message":"Authenticated user: 3","timestamp":"2025-04-26T18:56:35.395Z"}
{"level":"info","message":"Authenticated user: 3","timestamp":"2025-04-26T18:56:35.438Z"}
{"level":"info","message":"Authenticated user: 2","timestamp":"2025-04-26T18:58:01.868Z"}
{"level":"info","message":"Authenticated user: 2","timestamp":"2025-04-26T18:58:01.871Z"}
{"level":"info","message":"Authenticated user: 2","timestamp":"2025-04-26T18:58:03.108Z"}
{"level":"info","message":"Authenticated user: 2","timestamp":"2025-04-26T18:58:03.110Z"}
{"level":"info","message":"Authenticated user: 2","timestamp":"2025-04-26T18:58:03.986Z"}
{"level":"info","message":"Authenticated user: 2","timestamp":"2025-04-26T18:58:03.989Z"}
{"level":"info","message":"Authenticated user: 2","timestamp":"2025-04-26T18:58:04.660Z"}
{"level":"info","message":"Authenticated user: 2","timestamp":"2025-04-26T18:58:04.662Z"}
{"level":"info","message":"Authenticated user: 2","timestamp":"2025-04-26T18:59:46.074Z"}
{"level":"info","message":"Authenticated user: 2","timestamp":"2025-04-26T18:59:46.076Z"}
{"level":"info","message":"Authenticated user: 2","timestamp":"2025-04-26T18:59:46.078Z"}
{"level":"info","message":"Authenticated user: 2","timestamp":"2025-04-26T18:59:46.079Z"}
{"level":"info","message":"Authenticated user: 2","timestamp":"2025-04-26T19:00:18.230Z"}
{"level":"info","message":"Authenticated user: 2","timestamp":"2025-04-26T19:00:18.232Z"}
{"level":"info","message":"Authenticated user: 2","timestamp":"2025-04-26T19:00:19.083Z"}
{"level":"info","message":"Authenticated user: 2","timestamp":"2025-04-26T19:00:19.085Z"}
{"level":"info","message":"Authenticated user: 2","timestamp":"2025-04-26T19:00:19.661Z"}
{"level":"info","message":"Authenticated user: 2","timestamp":"2025-04-26T19:00:19.665Z"}
{"level":"info","message":"Authenticated user: 2","timestamp":"2025-04-26T19:00:19.669Z"}
{"level":"info","message":"Authenticated user: 2","timestamp":"2025-04-26T19:00:19.674Z"}
{"level":"info","message":"Authenticated user: 2","timestamp":"2025-04-26T19:00:20.124Z"}
{"level":"info","message":"Authenticated user: 2","timestamp":"2025-04-26T19:00:20.127Z"}
{"level":"info","message":"Authenticated user: 2","timestamp":"2025-04-26T19:00:20.644Z"}
{"level":"info","message":"Authenticated user: 2","timestamp":"2025-04-26T19:00:20.647Z"}
{"level":"info","message":"Authenticated user: 2","timestamp":"2025-04-26T19:00:21.927Z"}
{"level":"info","message":"Authenticated user: 2","timestamp":"2025-04-26T19:00:21.930Z"}
{"level":"info","message":"Authenticated user: 2","timestamp":"2025-04-26T19:00:37.494Z"}
{"level":"info","message":"Authenticated user: 2","timestamp":"2025-04-26T19:00:45.992Z"}
{"level":"info","message":"Authenticated user: 2","timestamp":"2025-04-26T19:00:46.021Z"}
{"level":"info","message":"Authenticated user: 2","timestamp":"2025-04-26T19:00:46.061Z"}
{"level":"info","message":"Authenticated user: 2","timestamp":"2025-04-26T19:00:56.864Z"}
{"level":"info","message":"Authenticated user: 2","timestamp":"2025-04-26T19:00:57.775Z"}
{"level":"info","message":"Authenticated user: 2","timestamp":"2025-04-26T19:00:59.506Z"}
{"level":"info","message":"Authenticated user: 2","timestamp":"2025-04-26T19:01:00.371Z"}
{"level":"info","message":"Authenticated user: 2","timestamp":"2025-04-26T19:01:04.200Z"}
{"level":"info","message":"Authenticated user: 2","timestamp":"2025-04-26T19:01:05.634Z"}
{"level":"info","message":"Authenticated user: 3","timestamp":"2025-04-26T19:35:56.744Z"}
{"level":"info","message":"Authenticated user: 3","timestamp":"2025-04-26T19:35:56.804Z"}
{"level":"info","message":"Authenticated user: 3","timestamp":"2025-04-26T19:35:58.250Z"}
{"level":"info","message":"Authenticated user: 3","timestamp":"2025-04-26T19:36:11.107Z"}
{"level":"info","message":"Authenticated user: 3","timestamp":"2025-04-26T19:36:21.389Z"}
{"level":"info","message":"Authenticated user: 3","timestamp":"2025-04-26T19:36:21.440Z"}
{"level":"info","message":"Authenticated user: 3","timestamp":"2025-04-26T19:36:22.416Z"}
{"level":"info","message":"Authenticated user: 3","timestamp":"2025-04-26T19:36:22.459Z"}
{"level":"info","message":"Authenticated user: 3","timestamp":"2025-04-26T19:36:24.342Z"}
{"level":"info","message":"Authenticated user: 3","timestamp":"2025-04-26T19:40:47.702Z"}
{"level":"info","message":"Authenticated user: 3","timestamp":"2025-04-26T19:40:47.737Z"}
{"level":"info","message":"Authenticated user: 2","timestamp":"2025-04-26T19:50:13.475Z"}
{"level":"info","message":"Authenticated user: 2","timestamp":"2025-04-26T19:50:13.478Z"}
{"level":"info","message":"Authenticated user: 2","timestamp":"2025-04-26T19:50:15.460Z"}
{"level":"info","message":"Authenticated user: 2","timestamp":"2025-04-26T19:50:15.462Z"}
{"level":"info","message":"Authenticated user: 2","timestamp":"2025-04-26T19:50:19.937Z"}
{"level":"info","message":"Authenticated user: 2","timestamp":"2025-04-26T19:50:19.939Z"}
{"level":"info","message":"Authenticated user: 2","timestamp":"2025-04-26T19:50:21.252Z"}
{"level":"info","message":"Authenticated user: 2","timestamp":"2025-04-26T19:50:21.261Z"}
{"level":"info","message":"Authenticated user: 2","timestamp":"2025-04-26T19:50:21.265Z"}
{"level":"info","message":"Authenticated user: 2","timestamp":"2025-04-26T19:50:21.266Z"}
{"level":"info","message":"Authenticated user: 2","timestamp":"2025-04-26T19:50:22.587Z"}
{"level":"info","message":"Authenticated user: 2","timestamp":"2025-04-26T19:50:22.590Z"}
{"level":"info","message":"Authenticated user: 2","timestamp":"2025-04-26T19:50:23.252Z"}
{"level":"info","message":"Authenticated user: 2","timestamp":"2025-04-26T19:50:23.256Z"}
{"level":"info","message":"Authenticated user: 2","timestamp":"2025-04-26T19:50:24.133Z"}
{"level":"info","message":"Authenticated user: 2","timestamp":"2025-04-26T19:50:24.135Z"}
{"level":"info","message":"Authenticated user: 2","timestamp":"2025-04-26T19:50:34.045Z"}
{"level":"info","message":"Authenticated user: 2","timestamp":"2025-04-26T19:50:34.051Z"}
{"level":"info","message":"Authenticated user: 2","timestamp":"2025-04-26T19:50:35.728Z"}
{"level":"info","message":"Authenticated user: 2","timestamp":"2025-04-26T19:50:35.730Z"}
{"level":"info","message":"Authenticated user: 2","timestamp":"2025-04-26T19:50:36.774Z"}
{"level":"info","message":"Authenticated user: 2","timestamp":"2025-04-26T19:50:36.777Z"}
{"level":"info","message":"Authenticated user: 3","timestamp":"2025-04-26T20:17:45.059Z"}
{"level":"info","message":"Authenticated user: 3","timestamp":"2025-04-26T20:18:00.953Z"}
{"level":"info","message":"Authenticated user: 3","timestamp":"2025-04-26T20:18:00.956Z"}
{"level":"info","message":"Authenticated user: 3","timestamp":"2025-04-26T21:12:58.980Z"}
{"level":"info","message":"Authenticated user: 3","timestamp":"2025-04-26T21:12:58.984Z"}
{"level":"info","message":"Authenticated user: 2","timestamp":"2025-04-26T21:14:54.691Z"}
{"level":"info","message":"Authenticated user: 2","timestamp":"2025-04-26T21:14:54.693Z"}
{"level":"info","message":"Authenticated user: 2","timestamp":"2025-04-26T21:14:56.550Z"}
{"level":"info","message":"Authenticated user: 2","timestamp":"2025-04-26T21:14:56.552Z"}
{"level":"info","message":"Authenticated user: 2","timestamp":"2025-04-26T21:14:57.491Z"}
{"level":"info","message":"Authenticated user: 2","timestamp":"2025-04-26T21:14:57.492Z"}
{"level":"info","message":"Authenticated user: 2","timestamp":"2025-04-26T21:14:58.229Z"}
{"level":"info","message":"Authenticated user: 2","timestamp":"2025-04-26T21:14:58.231Z"}
{"level":"info","message":"Authenticated user: 2","timestamp":"2025-04-26T21:14:59.398Z"}
{"level":"info","message":"Authenticated user: 2","timestamp":"2025-04-26T21:14:59.402Z"}
{"level":"info","message":"Authenticated user: 2","timestamp":"2025-04-26T21:14:59.407Z"}
{"level":"info","message":"Authenticated user: 2","timestamp":"2025-04-26T21:14:59.411Z"}
{"level":"info","message":"Authenticated user: 2","timestamp":"2025-04-26T21:15:02.911Z"}
{"level":"info","message":"Authenticated user: 2","timestamp":"2025-04-26T21:24:39.868Z"}
{"level":"info","message":"Authenticated user: 2","timestamp":"2025-04-26T21:28:08.446Z"}
{"level":"info","message":"Authenticated user: 2","timestamp":"2025-04-26T21:28:08.448Z"}
{"level":"info","message":"Authenticated user: 2","timestamp":"2025-04-26T21:28:13.249Z"}
{"level":"info","message":"Authenticated user: 2","timestamp":"2025-04-26T21:28:13.255Z"}
{"level":"info","message":"Authenticated user: 2","timestamp":"2025-04-26T21:28:13.258Z"}
{"level":"info","message":"Authenticated user: 2","timestamp":"2025-04-26T21:28:13.261Z"}
{"level":"info","message":"Authenticated user: 2","timestamp":"2025-04-26T21:28:14.102Z"}
{"level":"info","message":"Authenticated user: 2","timestamp":"2025-04-26T21:28:14.104Z"}
{"level":"info","message":"Authenticated user: 2","timestamp":"2025-04-26T22:03:09.523Z"}
{"level":"info","message":"Authenticated user: 2","timestamp":"2025-04-26T22:03:09.529Z"}
{"level":"info","message":"Authenticated user: 2","timestamp":"2025-04-26T22:03:11.900Z"}
{"level":"info","message":"Authenticated user: 2","timestamp":"2025-04-26T22:03:11.906Z"}
{"level":"info","message":"Authenticated user: 2","timestamp":"2025-04-26T22:03:13.922Z"}
{"level":"info","message":"Authenticated user: 2","timestamp":"2025-04-26T22:03:13.931Z"}
{"level":"info","message":"Authenticated user: 2","timestamp":"2025-04-26T22:03:13.935Z"}
{"level":"info","message":"Authenticated user: 2","timestamp":"2025-04-26T22:03:13.935Z"}
{"level":"info","message":"Authenticated user: 2","timestamp":"2025-04-26T22:03:17.840Z"}
{"level":"info","message":"Authenticated user: 2","timestamp":"2025-04-26T22:03:17.843Z"}
{"level":"info","message":"Authenticated user: 2","timestamp":"2025-04-26T22:03:20.250Z"}
{"level":"info","message":"Authenticated user: 2","timestamp":"2025-04-26T22:03:20.258Z"}
{"level":"info","message":"Authenticated user: 2","timestamp":"2025-04-26T22:03:20.266Z"}
{"level":"info","message":"Authenticated user: 2","timestamp":"2025-04-26T22:03:20.269Z"}
{"level":"info","message":"Authenticated user: 2","timestamp":"2025-04-26T22:03:21.201Z"}
{"level":"info","message":"Authenticated user: 2","timestamp":"2025-04-26T22:03:21.203Z"}
{"level":"info","message":"Authenticated user: 2","timestamp":"2025-04-26T22:04:57.188Z"}
{"level":"info","message":"Authenticated user: 2","timestamp":"2025-04-26T22:04:57.191Z"}
{"level":"info","message":"Authenticated user: 2","timestamp":"2025-04-26T22:04:58.628Z"}
{"level":"info","message":"Authenticated user: 2","timestamp":"2025-04-26T22:04:58.631Z"}
{"level":"info","message":"Authenticated user: 2","timestamp":"2025-04-26T22:05:01.280Z"}
{"level":"info","message":"Authenticated user: 2","timestamp":"2025-04-26T22:05:01.283Z"}
{"level":"info","message":"Authenticated user: 2","timestamp":"2025-04-26T22:05:10.956Z"}
{"level":"info","message":"Authenticated user: 2","timestamp":"2025-04-26T22:05:10.958Z"}
{"level":"info","message":"Authenticated user: 2","timestamp":"2025-04-26T22:05:10.966Z"}
{"level":"info","message":"Authenticated user: 2","timestamp":"2025-04-26T22:05:10.967Z"}
{"level":"info","message":"Authenticated user: 2","timestamp":"2025-04-26T22:05:11.601Z"}
{"level":"info","message":"Authenticated user: 2","timestamp":"2025-04-26T22:05:11.602Z"}
{"level":"info","message":"Authenticated user: 2","timestamp":"2025-04-26T22:05:12.195Z"}
{"level":"info","message":"Authenticated user: 2","timestamp":"2025-04-26T22:05:12.197Z"}
{"level":"info","message":"Authenticated user: 2","timestamp":"2025-04-26T22:05:12.808Z"}
{"level":"info","message":"Authenticated user: 2","timestamp":"2025-04-26T22:05:12.810Z"}
{"level":"info","message":"Authenticated user: 3","timestamp":"2025-04-26T22:27:31.156Z"}
{"level":"info","message":"Authenticated user: 2","timestamp":"2025-04-26T22:30:28.499Z"}
{"level":"info","message":"Authenticated user: 2","timestamp":"2025-04-26T22:30:28.500Z"}
{"level":"info","message":"Authenticated user: 2","timestamp":"2025-04-26T22:30:30.503Z"}
{"level":"info","message":"Authenticated user: 2","timestamp":"2025-04-26T22:30:30.507Z"}
{"level":"info","message":"Authenticated user: 2","timestamp":"2025-04-26T22:30:30.508Z"}
{"level":"info","message":"Authenticated user: 2","timestamp":"2025-04-26T22:30:30.512Z"}
{"level":"info","message":"Authenticated user: 2","timestamp":"2025-04-26T22:30:36.173Z"}
{"level":"info","message":"Authenticated user: 2","timestamp":"2025-04-26T22:30:36.175Z"}
{"level":"info","message":"Authenticated user: 2","timestamp":"2025-04-26T22:39:12.400Z"}
{"level":"info","message":"Authenticated user: 2","timestamp":"2025-04-26T22:39:12.405Z"}
{"level":"info","message":"Authenticated user: 2","timestamp":"2025-04-26T22:42:44.571Z"}
{"level":"info","message":"Authenticated user: 2","timestamp":"2025-04-26T22:42:44.574Z"}
{"level":"info","message":"Authenticated user: 2","timestamp":"2025-04-26T22:52:22.751Z"}
{"level":"info","message":"Authenticated user: 2","timestamp":"2025-04-26T22:52:22.755Z"}
{"level":"info","message":"Authenticated user: 2","timestamp":"2025-04-26T22:52:22.760Z"}
{"level":"info","message":"Authenticated user: 2","timestamp":"2025-04-26T22:52:22.762Z"}
{"level":"info","message":"Authenticated user: 2","timestamp":"2025-04-26T22:52:22.762Z"}
{"level":"info","message":"Admin insurance route accessed: GET /claims","timestamp":"2025-04-26T22:52:22.763Z"}
{"level":"info","message":"Authenticated user: 2","timestamp":"2025-04-26T22:52:22.764Z"}
{"level":"info","message":"Admin insurance route accessed: GET /claims","timestamp":"2025-04-26T22:52:22.764Z"}
{"level":"info","message":"Authenticated user: 2","timestamp":"2025-04-26T22:52:27.208Z"}
{"level":"info","message":"Authenticated user: 2","timestamp":"2025-04-26T22:52:27.211Z"}
{"level":"info","message":"Authenticated user: 2","timestamp":"2025-04-26T22:52:27.218Z"}
{"level":"info","message":"Authenticated user: 2","timestamp":"2025-04-26T22:52:27.220Z"}
{"level":"info","message":"Authenticated user: 2","timestamp":"2025-04-26T22:52:27.221Z"}
{"level":"info","message":"Admin insurance route accessed: GET /claims","timestamp":"2025-04-26T22:52:27.222Z"}
{"level":"info","message":"Authenticated user: 2","timestamp":"2025-04-26T22:52:27.222Z"}
{"level":"info","message":"Admin insurance route accessed: GET /claims","timestamp":"2025-04-26T22:52:27.222Z"}
{"level":"info","message":"Authenticated user: 2","timestamp":"2025-04-26T22:52:46.498Z"}
{"level":"info","message":"Authenticated user: 2","timestamp":"2025-04-26T22:52:46.503Z"}
{"level":"info","message":"Authenticated user: 2","timestamp":"2025-04-26T22:52:46.527Z"}
{"level":"info","message":"Authenticated user: 2","timestamp":"2025-04-26T22:52:46.529Z"}
{"level":"info","message":"Authenticated user: 2","timestamp":"2025-04-26T22:52:46.531Z"}
{"level":"info","message":"Admin insurance route accessed: GET /claims","timestamp":"2025-04-26T22:52:46.532Z"}
{"level":"info","message":"Authenticated user: 2","timestamp":"2025-04-26T22:52:46.532Z"}
{"level":"info","message":"Admin insurance route accessed: GET /claims","timestamp":"2025-04-26T22:52:46.532Z"}
{"level":"info","message":"Authenticated user: 2","timestamp":"2025-04-26T22:59:07.535Z"}
{"level":"info","message":"Authenticated user: 2","timestamp":"2025-04-26T22:59:07.538Z"}
{"level":"info","message":"Authenticated user: 2","timestamp":"2025-04-26T22:59:07.539Z"}
{"level":"info","message":"Authenticated user: 2","timestamp":"2025-04-26T22:59:07.540Z"}
{"level":"info","message":"Admin insurance route accessed: GET /claims","timestamp":"2025-04-26T22:59:07.540Z"}
{"level":"info","message":"Authenticated user: 2","timestamp":"2025-04-26T22:59:07.541Z"}
{"level":"info","message":"Authenticated user: 2","timestamp":"2025-04-26T22:59:07.541Z"}
{"level":"info","message":"Admin insurance route accessed: GET /claims","timestamp":"2025-04-26T22:59:07.541Z"}
{"level":"info","message":"Authenticated user: 2","timestamp":"2025-04-26T22:59:12.886Z"}
{"level":"info","message":"Authenticated user: 2","timestamp":"2025-04-26T22:59:12.888Z"}
{"level":"info","message":"Authenticated user: 2","timestamp":"2025-04-26T22:59:12.892Z"}
{"level":"info","message":"Authenticated user: 2","timestamp":"2025-04-26T22:59:12.895Z"}
{"level":"info","message":"Authenticated user: 2","timestamp":"2025-04-26T22:59:12.896Z"}
{"level":"info","message":"Admin insurance route accessed: GET /claims","timestamp":"2025-04-26T22:59:12.896Z"}
{"level":"info","message":"Authenticated user: 2","timestamp":"2025-04-26T22:59:12.896Z"}
{"level":"info","message":"Admin insurance route accessed: GET /claims","timestamp":"2025-04-26T22:59:12.896Z"}
{"level":"info","message":"Authenticated user: 2","timestamp":"2025-04-26T23:03:58.157Z"}
{"level":"info","message":"Authenticated user: 2","timestamp":"2025-04-26T23:03:58.160Z"}
{"level":"info","message":"Authenticated user: 2","timestamp":"2025-04-26T23:03:58.161Z"}
{"level":"info","message":"Authenticated user: 2","timestamp":"2025-04-26T23:03:58.163Z"}
{"level":"info","message":"Admin insurance route accessed: GET /claims","timestamp":"2025-04-26T23:03:58.163Z"}
{"level":"info","message":"Authenticated user: 2","timestamp":"2025-04-26T23:03:58.163Z"}
{"level":"info","message":"Authenticated user: 2","timestamp":"2025-04-26T23:03:58.164Z"}
{"level":"info","message":"Admin insurance route accessed: GET /claims","timestamp":"2025-04-26T23:03:58.165Z"}
{"level":"info","message":"Authenticated user: 2","timestamp":"2025-04-26T23:04:03.796Z"}
{"level":"info","message":"Authenticated user: 2","timestamp":"2025-04-26T23:04:03.801Z"}
{"level":"info","message":"Authenticated user: 2","timestamp":"2025-04-26T23:04:03.803Z"}
{"level":"info","message":"Admin insurance route accessed: GET /claims/1","timestamp":"2025-04-26T23:04:03.804Z"}
{"level":"info","message":"Authenticated user: 2","timestamp":"2025-04-26T23:04:11.001Z"}
{"level":"info","message":"Authenticated user: 2","timestamp":"2025-04-26T23:04:11.004Z"}
{"level":"info","message":"Authenticated user: 2","timestamp":"2025-04-26T23:04:11.006Z"}
{"level":"info","message":"Admin insurance route accessed: GET /claims/1","timestamp":"2025-04-26T23:04:11.006Z"}
{"level":"info","message":"Authenticated user: 2","timestamp":"2025-04-26T23:04:21.886Z"}
{"level":"info","message":"Authenticated user: 2","timestamp":"2025-04-26T23:04:21.891Z"}
{"level":"info","message":"Authenticated user: 2","timestamp":"2025-04-26T23:04:21.892Z"}
{"level":"info","message":"Admin insurance route accessed: GET /claims/1","timestamp":"2025-04-26T23:04:21.893Z"}
{"level":"info","message":"Authenticated user: 2","timestamp":"2025-04-26T23:04:41.910Z"}
{"level":"info","message":"Authenticated user: 2","timestamp":"2025-04-26T23:04:41.912Z"}
{"level":"info","message":"Authenticated user: 2","timestamp":"2025-04-26T23:04:41.914Z"}
{"level":"info","message":"Admin insurance route accessed: PUT /claims/1/status","timestamp":"2025-04-26T23:04:41.914Z"}
{"level":"info","message":"Authenticated user: 2","timestamp":"2025-04-26T23:30:51.552Z"}
{"level":"info","message":"Authenticated user: 2","timestamp":"2025-04-26T23:30:51.553Z"}
{"level":"info","message":"Authenticated user: 2","timestamp":"2025-04-26T23:30:58.952Z"}
{"level":"info","message":"Authenticated user: 2","timestamp":"2025-04-26T23:30:58.953Z"}
{"level":"info","message":"Authenticated user: 2","timestamp":"2025-04-26T23:30:58.958Z"}
{"level":"info","message":"Authenticated user: 2","timestamp":"2025-04-26T23:30:58.960Z"}
{"level":"info","message":"Authenticated user: 2","timestamp":"2025-04-26T23:30:58.962Z"}
{"level":"info","message":"Admin insurance route accessed: GET /claims","timestamp":"2025-04-26T23:30:58.962Z"}
{"level":"info","message":"Authenticated user: 2","timestamp":"2025-04-26T23:30:58.962Z"}
{"level":"info","message":"Admin insurance route accessed: GET /claims","timestamp":"2025-04-26T23:30:58.962Z"}
{"level":"info","message":"Authenticated user: 2","timestamp":"2025-04-26T23:31:00.803Z"}
{"level":"info","message":"Authenticated user: 2","timestamp":"2025-04-26T23:31:00.807Z"}
{"level":"info","message":"Authenticated user: 2","timestamp":"2025-04-26T23:31:00.808Z"}
{"level":"info","message":"Admin insurance route accessed: GET /claims/1","timestamp":"2025-04-26T23:31:00.809Z"}
{"level":"info","message":"Authenticated user: 2","timestamp":"2025-04-26T23:31:20.586Z"}
{"level":"info","message":"Authenticated user: 2","timestamp":"2025-04-26T23:31:20.591Z"}
{"level":"info","message":"Authenticated user: 2","timestamp":"2025-04-26T23:31:20.593Z"}
{"level":"info","message":"Admin insurance route accessed: GET /claims/1","timestamp":"2025-04-26T23:31:20.593Z"}
{"level":"info","message":"Authenticated user: 2","timestamp":"2025-04-26T23:31:31.558Z"}
{"level":"info","message":"Authenticated user: 2","timestamp":"2025-04-26T23:31:31.562Z"}
{"level":"info","message":"Authenticated user: 2","timestamp":"2025-04-26T23:31:31.566Z"}
{"level":"info","message":"Admin insurance route accessed: PUT /claims/1/status","timestamp":"2025-04-26T23:31:31.566Z"}
{"level":"info","message":"Authenticated user: 2","timestamp":"2025-04-26T23:32:10.769Z"}
{"level":"info","message":"Authenticated user: 2","timestamp":"2025-04-26T23:32:10.772Z"}
{"level":"info","message":"Authenticated user: 2","timestamp":"2025-04-26T23:32:12.248Z"}
{"level":"info","message":"Authenticated user: 2","timestamp":"2025-04-26T23:32:12.249Z"}
{"level":"info","message":"Authenticated user: 2","timestamp":"2025-04-26T23:32:13.233Z"}
{"level":"info","message":"Authenticated user: 2","timestamp":"2025-04-26T23:32:13.248Z"}
{"level":"info","message":"Authenticated user: 2","timestamp":"2025-04-26T23:32:13.249Z"}
{"level":"info","message":"Authenticated user: 2","timestamp":"2025-04-26T23:32:13.259Z"}
{"level":"info","message":"Authenticated user: 2","timestamp":"2025-04-26T23:32:13.824Z"}
{"level":"info","message":"Authenticated user: 2","timestamp":"2025-04-26T23:32:13.826Z"}
{"level":"info","message":"Authenticated user: 2","timestamp":"2025-04-26T23:32:13.833Z"}
{"level":"info","message":"Authenticated user: 2","timestamp":"2025-04-26T23:32:13.835Z"}
{"level":"info","message":"Authenticated user: 2","timestamp":"2025-04-26T23:32:13.836Z"}
{"level":"info","message":"Admin insurance route accessed: GET /claims","timestamp":"2025-04-26T23:32:13.836Z"}
{"level":"info","message":"Authenticated user: 2","timestamp":"2025-04-26T23:32:13.836Z"}
{"level":"info","message":"Admin insurance route accessed: GET /claims","timestamp":"2025-04-26T23:32:13.836Z"}
{"level":"info","message":"Authenticated user: 2","timestamp":"2025-04-26T23:32:16.370Z"}
{"level":"info","message":"Authenticated user: 2","timestamp":"2025-04-26T23:32:16.374Z"}
{"level":"info","message":"Authenticated user: 2","timestamp":"2025-04-26T23:32:16.376Z"}
{"level":"info","message":"Admin insurance route accessed: GET /claims/1","timestamp":"2025-04-26T23:32:16.376Z"}
{"level":"info","message":"Authenticated user: 2","timestamp":"2025-04-26T23:32:28.333Z"}
{"level":"info","message":"Authenticated user: 2","timestamp":"2025-04-26T23:32:28.339Z"}
{"level":"info","message":"Authenticated user: 2","timestamp":"2025-04-26T23:32:28.341Z"}
{"level":"info","message":"Admin insurance route accessed: PUT /claims/1/status","timestamp":"2025-04-26T23:32:28.342Z"}
{"level":"info","message":"Authenticated user: 2","timestamp":"2025-04-26T23:32:31.144Z"}
{"level":"info","message":"Authenticated user: 2","timestamp":"2025-04-26T23:32:31.147Z"}
{"level":"info","message":"Authenticated user: 2","timestamp":"2025-04-26T23:32:31.148Z"}
{"level":"info","message":"Admin insurance route accessed: PUT /claims/1/status","timestamp":"2025-04-26T23:32:31.148Z"}
{"level":"info","message":"Authenticated user: 2","timestamp":"2025-04-26T23:32:35.870Z"}
{"level":"info","message":"Authenticated user: 2","timestamp":"2025-04-26T23:32:35.876Z"}
{"level":"info","message":"Authenticated user: 2","timestamp":"2025-04-26T23:32:35.879Z"}
{"level":"info","message":"Admin insurance route accessed: PUT /claims/1/status","timestamp":"2025-04-26T23:32:35.879Z"}
{"level":"info","message":"Authenticated user: 2","timestamp":"2025-04-26T23:32:44.762Z"}
{"level":"info","message":"Authenticated user: 2","timestamp":"2025-04-26T23:32:44.767Z"}
{"level":"info","message":"Authenticated user: 2","timestamp":"2025-04-26T23:32:44.769Z"}
{"level":"info","message":"Admin insurance route accessed: GET /claims/1","timestamp":"2025-04-26T23:32:44.769Z"}
{"level":"info","message":"Authenticated user: 3","timestamp":"2025-04-26T23:35:26.310Z"}
{"level":"info","message":"Authenticated user: 2","timestamp":"2025-04-26T23:36:31.164Z"}
{"level":"info","message":"Authenticated user: 2","timestamp":"2025-04-26T23:36:31.166Z"}
{"level":"info","message":"Authenticated user: 2","timestamp":"2025-04-26T23:36:35.476Z"}
{"level":"info","message":"Authenticated user: 2","timestamp":"2025-04-26T23:36:35.478Z"}
{"level":"info","message":"Authenticated user: 2","timestamp":"2025-04-26T23:36:38.838Z"}
{"level":"info","message":"Authenticated user: 2","timestamp":"2025-04-26T23:36:38.840Z"}
{"level":"info","message":"Authenticated user: 2","timestamp":"2025-04-26T23:36:40.498Z"}
{"level":"info","message":"Authenticated user: 2","timestamp":"2025-04-26T23:36:40.500Z"}
{"level":"info","message":"Authenticated user: 2","timestamp":"2025-04-26T23:36:41.270Z"}
{"level":"info","message":"Authenticated user: 2","timestamp":"2025-04-26T23:36:41.272Z"}
{"level":"info","message":"Authenticated user: 2","timestamp":"2025-04-26T23:36:41.277Z"}
{"level":"info","message":"Authenticated user: 2","timestamp":"2025-04-26T23:36:41.279Z"}
{"level":"info","message":"Authenticated user: 2","timestamp":"2025-04-26T23:36:41.280Z"}
{"level":"info","message":"Admin insurance route accessed: GET /claims","timestamp":"2025-04-26T23:36:41.280Z"}
{"level":"info","message":"Authenticated user: 2","timestamp":"2025-04-26T23:36:41.280Z"}
{"level":"info","message":"Admin insurance route accessed: GET /claims","timestamp":"2025-04-26T23:36:41.280Z"}
{"level":"info","message":"Authenticated user: 2","timestamp":"2025-04-26T23:36:44.370Z"}
{"level":"info","message":"Authenticated user: 2","timestamp":"2025-04-26T23:36:44.375Z"}
{"level":"info","message":"Authenticated user: 2","timestamp":"2025-04-26T23:36:44.376Z"}
{"level":"info","message":"Admin insurance route accessed: GET /claims/1","timestamp":"2025-04-26T23:36:44.377Z"}
{"level":"info","message":"Authenticated user: 2","timestamp":"2025-04-26T23:36:47.839Z"}
{"level":"info","message":"Authenticated user: 2","timestamp":"2025-04-26T23:36:47.843Z"}
{"level":"info","message":"Authenticated user: 2","timestamp":"2025-04-26T23:36:47.845Z"}
{"level":"info","message":"Admin insurance route accessed: GET /claims/1","timestamp":"2025-04-26T23:36:47.846Z"}
{"level":"info","message":"Authenticated user: 2","timestamp":"2025-04-26T23:37:07.804Z"}
{"level":"info","message":"Authenticated user: 2","timestamp":"2025-04-26T23:37:07.808Z"}
{"level":"info","message":"Authenticated user: 2","timestamp":"2025-04-26T23:37:07.810Z"}
{"level":"info","message":"Admin insurance route accessed: PUT /claims/1/status","timestamp":"2025-04-26T23:37:07.810Z"}
{"level":"info","message":"Authenticated user: 3","timestamp":"2025-04-27T02:19:22.024Z"}
{"level":"info","message":"Authenticated user: 3","timestamp":"2025-04-27T16:08:57.725Z"}
{"level":"info","message":"Authenticated user: 3","timestamp":"2025-04-27T23:25:16.690Z"}
{"level":"info","message":"Authenticated user: 3","timestamp":"2025-04-27T23:25:23.699Z"}
{"level":"info","message":"Authenticated user: 3","timestamp":"2025-04-27T23:25:23.715Z"}
{"level":"info","message":"Authenticated user: 3","timestamp":"2025-04-27T23:25:23.764Z"}
{"level":"info","message":"Authenticated user: 3","timestamp":"2025-04-27T23:25:26.298Z"}
{"level":"info","message":"Authenticated user: 3","timestamp":"2025-04-27T23:25:26.347Z"}
{"level":"info","message":"Authenticated user: 3","timestamp":"2025-04-28T00:17:14.190Z"}
{"level":"info","message":"Authenticated user: 3","timestamp":"2025-04-28T00:17:14.251Z"}
{"level":"info","message":"Authenticated user: 3","timestamp":"2025-04-28T00:17:22.107Z"}
{"level":"info","message":"Authenticated user: 3","timestamp":"2025-04-28T00:17:22.111Z"}
{"level":"info","message":"Authenticated user: 3","timestamp":"2025-04-28T00:17:22.176Z"}
{"level":"info","message":"Authenticated user: 3","timestamp":"2025-04-28T00:17:22.181Z"}
{"level":"info","message":"Authenticated user: 3","timestamp":"2025-04-28T00:17:32.983Z"}
{"level":"info","message":"Authenticated user: 3","timestamp":"2025-04-28T00:17:33.037Z"}
{"level":"info","message":"Authenticated user: 3","timestamp":"2025-04-28T00:20:00.665Z"}
{"level":"info","message":"Authenticated user: 3","timestamp":"2025-04-28T00:20:00.753Z"}
{"level":"info","message":"Authenticated user: 3","timestamp":"2025-04-28T00:22:19.554Z"}
{"level":"info","message":"Authenticated user: 3","timestamp":"2025-04-28T00:22:19.652Z"}
{"level":"info","message":"Authenticated user: 3","timestamp":"2025-04-28T00:22:25.251Z"}
{"level":"info","message":"Authenticated user: 3","timestamp":"2025-04-28T00:22:25.252Z"}
{"level":"info","message":"Authenticated user: 3","timestamp":"2025-04-28T00:22:25.480Z"}
{"level":"info","message":"Authenticated user: 3","timestamp":"2025-04-28T00:22:33.918Z"}
{"level":"info","message":"Authenticated user: 3","timestamp":"2025-04-28T00:22:34.007Z"}
{"level":"info","message":"Authenticated user: 3","timestamp":"2025-04-28T00:27:30.731Z"}
{"level":"info","message":"Authenticated user: 3","timestamp":"2025-04-28T00:27:30.915Z"}
{"level":"info","message":"Authenticated user: 3","timestamp":"2025-04-28T00:30:50.435Z"}
{"level":"info","message":"Authenticated user: 3","timestamp":"2025-04-28T00:30:50.437Z"}
{"level":"info","message":"Authenticated user: 3","timestamp":"2025-04-28T00:30:50.504Z"}
{"level":"info","message":"Authenticated user: 3","timestamp":"2025-04-28T00:30:53.676Z"}
{"level":"info","message":"Authenticated user: 3","timestamp":"2025-04-28T00:30:53.758Z"}
{"level":"info","message":"Authenticated user: 3","timestamp":"2025-04-28T00:30:58.111Z"}
{"level":"info","message":"Authenticated user: 3","timestamp":"2025-04-28T00:30:58.174Z"}
{"level":"info","message":"Authenticated user: 3","timestamp":"2025-04-28T00:35:22.153Z"}
{"level":"info","message":"Authenticated user: 3","timestamp":"2025-04-28T00:35:22.155Z"}
{"level":"info","message":"Authenticated user: 3","timestamp":"2025-04-28T00:35:22.227Z"}
{"level":"info","message":"Authenticated user: 3","timestamp":"2025-04-28T00:35:40.542Z"}
{"level":"info","message":"Authenticated user: 3","timestamp":"2025-04-28T00:35:40.544Z"}
{"level":"info","message":"Authenticated user: 3","timestamp":"2025-04-28T00:35:40.761Z"}
{"level":"info","message":"Authenticated user: 3","timestamp":"2025-04-28T00:36:56.843Z"}
{"level":"info","message":"Authenticated user: 3","timestamp":"2025-04-28T00:36:56.844Z"}
{"level":"info","message":"Authenticated user: 3","timestamp":"2025-04-28T00:36:56.913Z"}
{"level":"info","message":"Authenticated user: 3","timestamp":"2025-04-28T00:39:10.286Z"}
{"level":"info","message":"Authenticated user: 3","timestamp":"2025-04-28T00:39:10.286Z"}
{"level":"info","message":"Authenticated user: 3","timestamp":"2025-04-28T00:39:10.333Z"}
{"level":"info","message":"Authenticated user: 3","timestamp":"2025-04-28T00:39:12.213Z"}
{"level":"info","message":"Authenticated user: 3","timestamp":"2025-04-28T00:39:12.296Z"}
{"level":"info","message":"Authenticated user: 3","timestamp":"2025-04-28T00:39:29.167Z"}
{"level":"info","message":"Authenticated user: 3","timestamp":"2025-04-28T00:39:29.168Z"}
{"level":"info","message":"Authenticated user: 3","timestamp":"2025-04-28T00:39:29.300Z"}
{"level":"info","message":"Authenticated user: 3","timestamp":"2025-04-28T00:41:22.459Z"}
{"level":"info","message":"Authenticated user: 3","timestamp":"2025-04-28T00:41:22.461Z"}
{"level":"info","message":"Authenticated user: 3","timestamp":"2025-04-28T00:41:22.639Z"}
{"level":"info","message":"Authenticated user: 3","timestamp":"2025-04-28T00:41:26.025Z"}
{"level":"info","message":"Authenticated user: 3","timestamp":"2025-04-28T00:41:26.026Z"}
{"level":"info","message":"Authenticated user: 3","timestamp":"2025-04-28T00:41:26.116Z"}
{"level":"info","message":"Authenticated user: 3","timestamp":"2025-04-28T00:41:26.201Z"}
{"level":"info","message":"Authenticated user: 3","timestamp":"2025-04-28T00:41:49.838Z"}
{"level":"info","message":"Authenticated user: 3","timestamp":"2025-04-28T00:41:49.839Z"}
{"level":"info","message":"Authenticated user: 3","timestamp":"2025-04-28T00:41:49.897Z"}
{"level":"info","message":"Authenticated user: 3","timestamp":"2025-04-28T00:41:49.900Z"}
{"level":"info","message":"Authenticated user: 3","timestamp":"2025-04-28T00:44:52.482Z"}
{"level":"info","message":"Authenticated user: 3","timestamp":"2025-04-28T00:44:52.485Z"}
{"level":"info","message":"Authenticated user: 3","timestamp":"2025-04-28T00:44:52.583Z"}
{"level":"info","message":"Authenticated user: 3","timestamp":"2025-04-28T00:45:01.568Z"}
{"level":"info","message":"Authenticated user: 3","timestamp":"2025-04-28T00:45:01.569Z"}
{"level":"info","message":"Authenticated user: 3","timestamp":"2025-04-28T00:45:01.624Z"}
{"level":"info","message":"Authenticated user: 3","timestamp":"2025-04-28T00:48:29.198Z"}
{"level":"info","message":"Authenticated user: 3","timestamp":"2025-04-28T00:48:29.200Z"}
{"level":"info","message":"Authenticated user: 3","timestamp":"2025-04-28T00:48:29.254Z"}
{"level":"info","message":"Authenticated user: 3","timestamp":"2025-04-28T00:48:29.259Z"}
{"level":"info","message":"Authenticated user: 3","timestamp":"2025-04-28T00:53:48.534Z"}
{"level":"info","message":"Authenticated user: 3","timestamp":"2025-04-28T00:53:48.536Z"}
{"level":"info","message":"Authenticated user: 3","timestamp":"2025-04-28T00:53:48.669Z"}
{"level":"info","message":"Authenticated user: 3","timestamp":"2025-04-28T00:55:35.086Z"}
{"level":"info","message":"Authenticated user: 3","timestamp":"2025-04-28T00:55:35.090Z"}
{"level":"info","message":"Authenticated user: 3","timestamp":"2025-04-28T00:55:35.408Z"}
{"level":"info","message":"Authenticated user: 3","timestamp":"2025-04-28T00:55:49.014Z"}
{"level":"info","message":"Authenticated user: 3","timestamp":"2025-04-28T00:55:49.127Z"}
{"level":"info","message":"Authenticated user: 3","timestamp":"2025-04-28T00:56:13.781Z"}
{"level":"info","message":"Authenticated user: 3","timestamp":"2025-04-28T00:56:13.783Z"}
{"level":"info","message":"Authenticated user: 3","timestamp":"2025-04-28T00:56:13.873Z"}
{"level":"info","message":"Authenticated user: 3","timestamp":"2025-04-28T01:00:43.751Z"}
{"level":"info","message":"Authenticated user: 3","timestamp":"2025-04-28T01:00:43.863Z"}
{"level":"info","message":"Authenticated user: 3","timestamp":"2025-04-28T01:00:57.716Z"}
{"level":"info","message":"Authenticated user: 3","timestamp":"2025-04-28T01:00:57.717Z"}
{"level":"info","message":"Authenticated user: 3","timestamp":"2025-04-28T01:00:57.828Z"}
{"level":"info","message":"Authenticated user: 3","timestamp":"2025-04-28T01:04:08.453Z"}
{"level":"info","message":"Authenticated user: 3","timestamp":"2025-04-28T01:04:08.455Z"}
{"level":"info","message":"Authenticated user: 3","timestamp":"2025-04-28T01:04:08.625Z"}
{"level":"info","message":"Authenticated user: 3","timestamp":"2025-04-28T01:04:11.495Z"}
{"level":"info","message":"Authenticated user: 3","timestamp":"2025-04-28T01:04:11.651Z"}
{"level":"info","message":"Authenticated user: 3","timestamp":"2025-04-28T01:04:22.402Z"}
{"level":"info","message":"Authenticated user: 3","timestamp":"2025-04-28T01:04:22.403Z"}
{"level":"info","message":"Authenticated user: 3","timestamp":"2025-04-28T01:04:22.509Z"}
{"level":"info","message":"Authenticated user: 3","timestamp":"2025-04-28T01:04:28.816Z"}
{"level":"info","message":"Authenticated user: 3","timestamp":"2025-04-28T01:04:28.884Z"}
{"level":"info","message":"Authenticated user: 3","timestamp":"2025-04-28T01:04:29.845Z"}
{"level":"info","message":"Authenticated user: 3","timestamp":"2025-04-28T01:04:29.924Z"}
{"level":"info","message":"Authenticated user: 3","timestamp":"2025-04-28T01:04:30.847Z"}
{"level":"info","message":"Authenticated user: 3","timestamp":"2025-04-28T01:04:36.041Z"}
{"level":"info","message":"Authenticated user: 3","timestamp":"2025-04-28T01:04:39.478Z"}
{"level":"info","message":"Authenticated user: 3","timestamp":"2025-04-28T01:04:39.490Z"}
{"level":"info","message":"Authenticated user: 3","timestamp":"2025-04-28T01:04:39.619Z"}
{"level":"info","message":"Authenticated user: 3","timestamp":"2025-04-28T01:07:57.166Z"}
{"level":"info","message":"Authenticated user: 3","timestamp":"2025-04-28T01:08:02.861Z"}
{"level":"info","message":"Authenticated user: 3","timestamp":"2025-04-28T01:08:02.862Z"}
{"level":"info","message":"Authenticated user: 3","timestamp":"2025-04-28T01:08:02.952Z"}
{"level":"info","message":"Authenticated user: 3","timestamp":"2025-04-28T01:08:13.224Z"}
{"level":"info","message":"Authenticated user: 3","timestamp":"2025-04-28T01:08:13.225Z"}
{"level":"info","message":"Authenticated user: 3","timestamp":"2025-04-28T01:08:13.296Z"}
{"level":"info","message":"Authenticated user: 3","timestamp":"2025-04-28T01:10:17.983Z"}
{"level":"info","message":"Authenticated user: 3","timestamp":"2025-04-28T01:10:17.994Z"}
{"level":"info","message":"Authenticated user: 3","timestamp":"2025-04-28T01:10:18.138Z"}
{"level":"info","message":"Authenticated user: 3","timestamp":"2025-04-28T01:10:29.253Z"}
{"level":"info","message":"Authenticated user: 3","timestamp":"2025-04-28T01:10:29.254Z"}
{"level":"info","message":"Authenticated user: 3","timestamp":"2025-04-28T01:10:29.324Z"}
{"level":"info","message":"Authenticated user: 3","timestamp":"2025-04-28T01:10:43.757Z"}
{"level":"info","message":"Authenticated user: 3","timestamp":"2025-04-28T01:10:43.851Z"}
{"level":"info","message":"Authenticated user: 3","timestamp":"2025-04-28T01:10:44.792Z"}
{"level":"info","message":"Authenticated user: 3","timestamp":"2025-04-28T01:10:44.851Z"}
{"level":"info","message":"Authenticated user: 3","timestamp":"2025-04-28T01:10:46.099Z"}
{"level":"info","message":"Authenticated user: 3","timestamp":"2025-04-28T01:10:58.411Z"}
{"level":"info","message":"Authenticated user: 3","timestamp":"2025-04-28T01:13:41.150Z"}
{"level":"info","message":"Authenticated user: 3","timestamp":"2025-04-28T01:13:41.151Z"}
{"level":"info","message":"Authenticated user: 3","timestamp":"2025-04-28T01:13:41.214Z"}
{"level":"info","message":"Authenticated user: 3","timestamp":"2025-04-28T01:13:47.162Z"}
{"level":"info","message":"Authenticated user: 3","timestamp":"2025-04-28T01:13:47.182Z"}
{"level":"info","message":"Authenticated user: 3","timestamp":"2025-04-28T01:13:47.323Z"}
{"level":"info","message":"Authenticated user: 3","timestamp":"2025-04-28T01:13:55.980Z"}
{"level":"info","message":"Authenticated user: 3","timestamp":"2025-04-28T01:13:55.981Z"}
{"level":"info","message":"Authenticated user: 3","timestamp":"2025-04-28T01:13:56.107Z"}
{"level":"info","message":"Authenticated user: 3","timestamp":"2025-04-28T01:16:02.657Z"}
{"level":"info","message":"Authenticated user: 3","timestamp":"2025-04-28T01:16:02.657Z"}
{"level":"info","message":"Authenticated user: 3","timestamp":"2025-04-28T01:16:02.708Z"}
{"level":"info","message":"Authenticated user: 3","timestamp":"2025-04-28T01:16:05.677Z"}
{"level":"info","message":"Authenticated user: 3","timestamp":"2025-04-28T01:17:02.638Z"}
{"level":"info","message":"Authenticated user: 3","timestamp":"2025-04-28T01:17:05.139Z"}
{"level":"info","message":"Authenticated user: 3","timestamp":"2025-04-28T01:17:20.061Z"}
{"level":"info","message":"Authenticated user: 3","timestamp":"2025-04-28T01:17:25.638Z"}
{"level":"info","message":"Authenticated user: 3","timestamp":"2025-04-28T01:17:25.639Z"}
{"level":"info","message":"Authenticated user: 3","timestamp":"2025-04-28T01:17:25.760Z"}
{"level":"info","message":"Authenticated user: 3","timestamp":"2025-04-28T01:17:32.654Z"}
{"level":"info","message":"Authenticated user: 3","timestamp":"2025-04-28T01:17:32.655Z"}
{"level":"info","message":"Authenticated user: 3","timestamp":"2025-04-28T01:17:32.823Z"}
{"level":"info","message":"Authenticated user: 3","timestamp":"2025-04-28T01:17:42.287Z"}
{"level":"info","message":"Authenticated user: 3","timestamp":"2025-04-28T01:17:43.550Z"}
{"level":"info","message":"Authenticated user: 3","timestamp":"2025-04-28T01:17:44.403Z"}
{"level":"info","message":"Authenticated user: 3","timestamp":"2025-04-28T01:17:58.544Z"}
{"level":"info","message":"Authenticated user: 3","timestamp":"2025-04-28T01:21:58.902Z"}
{"level":"info","message":"Authenticated user: 3","timestamp":"2025-04-28T01:21:59.038Z"}
{"level":"info","message":"Authenticated user: 3","timestamp":"2025-04-28T01:22:05.014Z"}
{"level":"info","message":"Authenticated user: 3","timestamp":"2025-04-28T01:22:06.642Z"}
{"level":"info","message":"Authenticated user: 3","timestamp":"2025-04-28T01:22:10.134Z"}
{"level":"info","message":"Authenticated user: 3","timestamp":"2025-04-28T01:22:10.136Z"}
{"level":"info","message":"Authenticated user: 3","timestamp":"2025-04-28T01:22:10.218Z"}
{"level":"info","message":"Authenticated user: 3","timestamp":"2025-04-28T01:22:15.598Z"}
{"level":"info","message":"Authenticated user: 3","timestamp":"2025-04-28T01:22:15.652Z"}
{"level":"info","message":"Authenticated user: 3","timestamp":"2025-04-28T01:22:16.618Z"}
{"level":"info","message":"Authenticated user: 3","timestamp":"2025-04-28T01:22:16.668Z"}
{"level":"info","message":"Authenticated user: 3","timestamp":"2025-04-28T01:22:17.976Z"}
{"level":"info","message":"Authenticated user: 3","timestamp":"2025-04-28T01:22:17.988Z"}
